/usr/local/lib/python3.12/dist-packages/torchvision/models/_utils.py:208: UserWarning: The parameter 'pretrained' is deprecated since 0.13 and may be removed in the future, please use 'weights' instead.
  warnings.warn(
/usr/local/lib/python3.12/dist-packages/torchvision/models/_utils.py:223: UserWarning: Arguments other than a weight enum or `None` for 'weights' are deprecated since 0.13 and may be removed in the future. The current behavior is equivalent to passing `weights=EfficientNet_B7_Weights.IMAGENET1K_V1`. You can also use `weights=EfficientNet_B7_Weights.DEFAULT` to get the most up-to-date weights.
  warnings.warn(msg)
============================================================
PHYSICAL GPU ASSIGNED: 0
CUDA_VISIBLE_DEVICES: 0
Visible CUDA devices: 1
Visible GPU: Tesla T4
============================================================
Worker GPU 0: 237 assigned
Worker GPU 0: 0 already completed
MDFS device: cuda
GPU: Tesla T4
Loading EfficientNet-B7...
Loading reference features...
Reference tensor: (295095, 544)
Computing reference mean...
Computing reference covariance...
MDFS scorer ready.
[GPU 0] 50/237 IS_II_C02_D02.jpg MDFS=21.223135 0.3559s
[GPU 0] 100/237 IS_III_C03_D11.jpg MDFS=20.234690 0.3686s
[GPU 0] 150/237 IS_IV_C05_D07.jpg MDFS=19.894297 0.3555s
[GPU 0] 200/237 IS_VI_C01_D09.jpg MDFS=21.963526 0.3459s
[GPU 0] 237/237 IS_VI_C08_D13.jpg MDFS=21.397951 0.3388s

============================================================
GPU 0 WORKER COMPLETE
============================================================
Rows: 237
Unique filenames: 237
Mean inference time: 0.35352645472157135
Worker wall time: 83.87141768100082
All finite: True
