/usr/local/lib/python3.12/dist-packages/torchvision/models/_utils.py:208: UserWarning: The parameter 'pretrained' is deprecated since 0.13 and may be removed in the future, please use 'weights' instead.
  warnings.warn(
/usr/local/lib/python3.12/dist-packages/torchvision/models/_utils.py:223: UserWarning: Arguments other than a weight enum or `None` for 'weights' are deprecated since 0.13 and may be removed in the future. The current behavior is equivalent to passing `weights=EfficientNet_B7_Weights.IMAGENET1K_V1`. You can also use `weights=EfficientNet_B7_Weights.DEFAULT` to get the most up-to-date weights.
  warnings.warn(msg)
============================================================
PHYSICAL GPU ASSIGNED: 1
CUDA_VISIBLE_DEVICES: 1
Visible CUDA devices: 1
Visible GPU: Tesla T4
============================================================
Worker GPU 1: 5062 assigned
Worker GPU 1: 0 already completed
MDFS device: cuda
GPU: Tesla T4
Loading EfficientNet-B7...
Loading reference features...
Reference tensor: (295095, 544)
Computing reference mean...
Computing reference covariance...
MDFS scorer ready.
[GPU 1] 50/5062 I01_20_05.png MDFS=18.101238 0.0367s
[GPU 1] 100/5062 I02_15_05.png MDFS=25.533451 0.0350s
[GPU 1] 150/5062 I03_10_05.png MDFS=30.225782 0.0345s
[GPU 1] 200/5062 I04_05_05.png MDFS=18.229912 0.0370s
[GPU 1] 250/5062 I04_25_05.png MDFS=16.781847 0.0369s
[GPU 1] 300/5062 I05_20_05.png MDFS=17.889769 0.0367s
[GPU 1] 350/5062 I06_15_05.png MDFS=27.202503 0.0348s
[GPU 1] 400/5062 I07_10_05.png MDFS=37.154881 0.0323s
[GPU 1] 450/5062 I08_05_05.png MDFS=19.434921 0.0359s
[GPU 1] 500/5062 I08_25_05.png MDFS=19.043543 0.0360s
[GPU 1] 550/5062 I09_20_05.png MDFS=17.136494 0.0358s
[GPU 1] 600/5062 I10_15_05.png MDFS=25.666563 0.0341s
[GPU 1] 650/5062 I11_10_05.png MDFS=33.999222 0.0336s
[GPU 1] 700/5062 I12_05_05.png MDFS=19.263529 0.0368s
[GPU 1] 750/5062 I12_25_05.png MDFS=17.652580 0.0358s
[GPU 1] 800/5062 I13_20_05.png MDFS=18.465017 0.0360s
[GPU 1] 850/5062 I14_15_05.png MDFS=26.915358 0.0350s
[GPU 1] 900/5062 I15_10_05.png MDFS=29.852903 0.0338s
[GPU 1] 950/5062 I16_05_05.png MDFS=18.420580 0.0368s
[GPU 1] 1000/5062 I16_25_05.png MDFS=17.341333 0.0358s
[GPU 1] 1050/5062 I17_20_05.png MDFS=17.706984 0.0391s
[GPU 1] 1100/5062 I18_15_05.png MDFS=26.508577 0.0346s
[GPU 1] 1150/5062 I19_10_05.png MDFS=35.334621 0.0344s
[GPU 1] 1200/5062 I20_05_05.png MDFS=19.784622 0.0380s
[GPU 1] 1250/5062 I20_25_05.png MDFS=18.399235 0.0391s
[GPU 1] 1300/5062 I21_20_05.png MDFS=16.948637 0.0364s
[GPU 1] 1350/5062 I22_15_05.png MDFS=25.831945 0.0359s
[GPU 1] 1400/5062 I23_10_05.png MDFS=32.529789 0.0365s
[GPU 1] 1450/5062 I24_05_05.png MDFS=18.695593 0.0360s
[GPU 1] 1500/5062 I24_25_05.png MDFS=18.373541 0.0365s
[GPU 1] 1550/5062 I25_20_05.png MDFS=17.091282 0.0377s
[GPU 1] 1600/5062 I26_15_05.png MDFS=24.711454 0.0351s
[GPU 1] 1650/5062 I27_10_05.png MDFS=28.819183 0.0355s
[GPU 1] 1700/5062 I28_05_05.png MDFS=19.051546 0.0383s
[GPU 1] 1750/5062 I28_25_05.png MDFS=18.621283 0.0379s
[GPU 1] 1800/5062 I29_20_05.png MDFS=17.958658 0.0342s
[GPU 1] 1850/5062 I30_15_05.png MDFS=27.878008 0.0350s
[GPU 1] 1900/5062 I31_10_05.png MDFS=29.292896 0.0349s
[GPU 1] 1950/5062 I32_05_05.png MDFS=18.991722 0.0371s
[GPU 1] 2000/5062 I32_25_05.png MDFS=18.864090 0.0378s
[GPU 1] 2050/5062 I33_20_05.png MDFS=17.288544 0.0368s
[GPU 1] 2100/5062 I34_15_05.png MDFS=26.731205 0.0363s
[GPU 1] 2150/5062 I35_10_05.png MDFS=28.375910 0.0361s
[GPU 1] 2200/5062 I36_05_05.png MDFS=18.155661 0.0395s
[GPU 1] 2250/5062 I36_25_05.png MDFS=17.925600 0.0391s
[GPU 1] 2300/5062 I37_20_05.png MDFS=18.162189 0.0387s
[GPU 1] 2350/5062 I38_15_05.png MDFS=29.224306 0.0366s
[GPU 1] 2400/5062 I39_10_05.png MDFS=29.076450 0.0373s
[GPU 1] 2450/5062 I40_05_05.png MDFS=20.436638 0.0395s
[GPU 1] 2500/5062 I40_25_05.png MDFS=18.529474 0.0380s
[GPU 1] 2550/5062 I41_20_05.png MDFS=17.945955 0.0399s
[GPU 1] 2600/5062 I42_15_05.png MDFS=24.205654 0.0358s
[GPU 1] 2650/5062 I43_10_05.png MDFS=33.661545 0.0361s
[GPU 1] 2700/5062 I44_05_05.png MDFS=19.405266 0.0393s
[GPU 1] 2750/5062 I44_25_05.png MDFS=18.721722 0.0397s
[GPU 1] 2800/5062 I45_20_05.png MDFS=16.850845 0.0391s
[GPU 1] 2850/5062 I46_15_05.png MDFS=23.534117 0.0387s
[GPU 1] 2900/5062 I47_10_05.png MDFS=32.115688 0.0367s
[GPU 1] 2950/5062 I48_05_05.png MDFS=18.362007 0.0377s
[GPU 1] 3000/5062 I48_25_05.png MDFS=17.822548 0.0389s
[GPU 1] 3050/5062 I49_20_05.png MDFS=18.459846 0.0396s
[GPU 1] 3100/5062 I50_15_05.png MDFS=24.572279 0.0385s
[GPU 1] 3150/5062 I51_10_05.png MDFS=28.881147 0.0381s
[GPU 1] 3200/5062 I52_05_05.png MDFS=19.641792 0.0404s
[GPU 1] 3250/5062 I52_25_05.png MDFS=19.098705 0.0398s
[GPU 1] 3300/5062 I53_20_05.png MDFS=17.756159 0.0394s
[GPU 1] 3350/5062 I54_15_05.png MDFS=26.026836 0.0385s
[GPU 1] 3400/5062 I55_10_05.png MDFS=32.763702 0.0386s
[GPU 1] 3450/5062 I56_05_05.png MDFS=20.610933 0.0397s
[GPU 1] 3500/5062 I56_25_05.png MDFS=19.300579 0.0398s
[GPU 1] 3550/5062 I57_20_05.png MDFS=17.584539 0.0388s
[GPU 1] 3600/5062 I58_15_05.png MDFS=24.410458 0.0370s
[GPU 1] 3650/5062 I59_10_05.png MDFS=32.273857 0.0364s
[GPU 1] 3700/5062 I60_05_05.png MDFS=19.234617 0.0383s
[GPU 1] 3750/5062 I60_25_05.png MDFS=17.920996 0.0388s
[GPU 1] 3800/5062 I61_20_05.png MDFS=17.039295 0.0396s
[GPU 1] 3850/5062 I62_15_05.png MDFS=27.968304 0.0367s
[GPU 1] 3900/5062 I63_10_05.png MDFS=31.193213 0.0371s
[GPU 1] 3950/5062 I64_05_05.png MDFS=19.510962 0.0379s
[GPU 1] 4000/5062 I64_25_05.png MDFS=18.074757 0.0385s
[GPU 1] 4050/5062 I65_20_05.png MDFS=17.335630 0.0390s
[GPU 1] 4100/5062 I66_15_05.png MDFS=24.313482 0.0366s
[GPU 1] 4150/5062 I67_10_05.png MDFS=34.010532 0.0366s
[GPU 1] 4200/5062 I68_05_05.png MDFS=17.955614 0.0393s
[GPU 1] 4250/5062 I68_25_05.png MDFS=16.883144 0.0386s
[GPU 1] 4300/5062 I69_20_05.png MDFS=17.490889 0.0385s
[GPU 1] 4350/5062 I70_15_05.png MDFS=25.811714 0.0377s
[GPU 1] 4400/5062 I71_10_05.png MDFS=28.068340 0.0356s
[GPU 1] 4450/5062 I72_05_05.png MDFS=18.673176 0.0398s
[GPU 1] 4500/5062 I72_25_05.png MDFS=17.934364 0.0379s
[GPU 1] 4550/5062 I73_20_05.png MDFS=17.907675 0.0372s
[GPU 1] 4600/5062 I74_15_05.png MDFS=25.322559 0.0382s
[GPU 1] 4650/5062 I75_10_05.png MDFS=31.729862 0.0356s
[GPU 1] 4700/5062 I76_05_05.png MDFS=20.062210 0.0382s
[GPU 1] 4750/5062 I76_25_05.png MDFS=17.115328 0.0383s
[GPU 1] 4800/5062 I77_20_05.png MDFS=18.048006 0.0385s
[GPU 1] 4850/5062 I78_15_05.png MDFS=25.811951 0.0444s
[GPU 1] 4900/5062 I79_10_05.png MDFS=34.685070 0.0369s
[GPU 1] 4950/5062 I80_05_05.png MDFS=18.255543 0.0400s
[GPU 1] 5000/5062 I80_25_05.png MDFS=18.571375 0.0395s
[GPU 1] 5050/5062 I81_20_05.png MDFS=17.640810 0.0406s
[GPU 1] 5062/5062 I81_25_04.png MDFS=17.918634 0.0395s

============================================================
GPU 1 WORKER COMPLETE
============================================================
Rows: 5062
Unique filenames: 5062
Mean inference time: 0.037735371307586016
Worker wall time: 192.37041436299933
All finite: True
