/usr/local/lib/python3.12/dist-packages/torchvision/models/_utils.py:208: UserWarning: The parameter 'pretrained' is deprecated since 0.13 and may be removed in the future, please use 'weights' instead.
  warnings.warn(
/usr/local/lib/python3.12/dist-packages/torchvision/models/_utils.py:223: UserWarning: Arguments other than a weight enum or `None` for 'weights' are deprecated since 0.13 and may be removed in the future. The current behavior is equivalent to passing `weights=EfficientNet_B7_Weights.IMAGENET1K_V1`. You can also use `weights=EfficientNet_B7_Weights.DEFAULT` to get the most up-to-date weights.
  warnings.warn(msg)
============================================================
PHYSICAL GPU ASSIGNED: 0
CUDA_VISIBLE_DEVICES: 0
Visible CUDA devices: 1
Visible GPU: Tesla T4
============================================================
Worker GPU 0: 5063 assigned
Worker GPU 0: 0 already completed
MDFS device: cuda
GPU: Tesla T4
Loading EfficientNet-B7...
Loading reference features...
Reference tensor: (295095, 544)
Computing reference mean...
Computing reference covariance...
MDFS scorer ready.
[GPU 0] 50/5063 I01_20_04.png MDFS=18.041990 0.0388s
[GPU 0] 100/5063 I02_15_04.png MDFS=23.755444 0.0368s
[GPU 0] 150/5063 I03_10_04.png MDFS=25.450871 0.0367s
[GPU 0] 200/5063 I04_05_04.png MDFS=18.364672 0.0400s
[GPU 0] 250/5063 I04_25_04.png MDFS=16.730366 0.0388s
[GPU 0] 300/5063 I05_20_04.png MDFS=17.851795 0.0366s
[GPU 0] 350/5063 I06_15_04.png MDFS=25.718609 0.0362s
[GPU 0] 400/5063 I07_10_04.png MDFS=30.038874 0.0349s
[GPU 0] 450/5063 I08_05_04.png MDFS=19.357616 0.0387s
[GPU 0] 500/5063 I08_25_04.png MDFS=18.773077 0.0386s
[GPU 0] 550/5063 I09_20_04.png MDFS=17.084158 0.0378s
[GPU 0] 600/5063 I10_15_04.png MDFS=24.162149 0.0368s
[GPU 0] 650/5063 I11_10_04.png MDFS=30.436411 0.0370s
[GPU 0] 700/5063 I12_05_04.png MDFS=19.415289 0.0383s
[GPU 0] 750/5063 I12_25_04.png MDFS=17.636032 0.0377s
[GPU 0] 800/5063 I13_20_04.png MDFS=18.381128 0.0406s
[GPU 0] 850/5063 I14_15_04.png MDFS=25.807196 0.0385s
[GPU 0] 900/5063 I15_10_04.png MDFS=26.973726 0.0370s
[GPU 0] 950/5063 I16_05_04.png MDFS=18.688084 0.0383s
[GPU 0] 1000/5063 I16_25_04.png MDFS=17.419558 0.0398s
[GPU 0] 1050/5063 I17_20_04.png MDFS=17.632000 0.0407s
[GPU 0] 1100/5063 I18_15_04.png MDFS=25.471682 0.0361s
[GPU 0] 1150/5063 I19_10_04.png MDFS=31.243296 0.0377s
[GPU 0] 1200/5063 I20_05_04.png MDFS=19.581684 0.0407s
[GPU 0] 1250/5063 I20_25_04.png MDFS=18.367105 0.0389s
[GPU 0] 1300/5063 I21_20_04.png MDFS=16.920759 0.0374s
[GPU 0] 1350/5063 I22_15_04.png MDFS=24.672253 0.0370s
[GPU 0] 1400/5063 I23_10_04.png MDFS=27.465351 0.0373s
[GPU 0] 1450/5063 I24_05_04.png MDFS=18.686371 0.0385s
[GPU 0] 1500/5063 I24_25_04.png MDFS=18.103144 0.0375s
[GPU 0] 1550/5063 I25_20_04.png MDFS=17.136662 0.0384s
[GPU 0] 1600/5063 I26_15_04.png MDFS=22.983723 0.0376s
[GPU 0] 1650/5063 I27_10_04.png MDFS=26.515545 0.0345s
[GPU 0] 1700/5063 I28_05_04.png MDFS=18.961452 0.0386s
[GPU 0] 1750/5063 I28_25_04.png MDFS=18.545700 0.0373s
[GPU 0] 1800/5063 I29_20_04.png MDFS=17.911051 0.0344s
[GPU 0] 1850/5063 I30_15_04.png MDFS=27.487062 0.0356s
[GPU 0] 1900/5063 I31_10_04.png MDFS=25.531729 0.0366s
[GPU 0] 1950/5063 I32_05_04.png MDFS=19.232805 0.0362s
[GPU 0] 2000/5063 I32_25_04.png MDFS=17.809519 0.0380s
[GPU 0] 2050/5063 I33_20_04.png MDFS=17.315062 0.0395s
[GPU 0] 2100/5063 I34_15_04.png MDFS=25.058718 0.0354s
[GPU 0] 2150/5063 I35_10_04.png MDFS=25.188608 0.0363s
[GPU 0] 2200/5063 I36_05_04.png MDFS=18.419786 0.0378s
[GPU 0] 2250/5063 I36_25_04.png MDFS=17.846842 0.0384s
[GPU 0] 2300/5063 I37_20_04.png MDFS=18.173347 0.0399s
[GPU 0] 2350/5063 I38_15_04.png MDFS=27.523848 0.0365s
[GPU 0] 2400/5063 I39_10_04.png MDFS=26.227482 0.0357s
[GPU 0] 2450/5063 I40_05_04.png MDFS=21.273983 0.0377s
[GPU 0] 2500/5063 I40_25_04.png MDFS=18.558302 0.0373s
[GPU 0] 2550/5063 I41_20_04.png MDFS=18.008665 0.0385s
[GPU 0] 2600/5063 I42_15_04.png MDFS=23.006426 0.0369s
[GPU 0] 2650/5063 I43_10_04.png MDFS=30.971439 0.0372s
[GPU 0] 2700/5063 I44_05_04.png MDFS=19.757431 0.0391s
[GPU 0] 2750/5063 I44_25_04.png MDFS=18.605448 0.0390s
[GPU 0] 2800/5063 I45_20_04.png MDFS=16.943615 0.0402s
[GPU 0] 2850/5063 I46_15_04.png MDFS=22.547180 0.0367s
[GPU 0] 2900/5063 I47_10_04.png MDFS=28.512596 0.0362s
[GPU 0] 2950/5063 I48_05_04.png MDFS=18.526905 0.0414s
[GPU 0] 3000/5063 I48_25_04.png MDFS=17.629532 0.0376s
[GPU 0] 3050/5063 I49_20_04.png MDFS=18.419277 0.0384s
[GPU 0] 3100/5063 I50_15_04.png MDFS=23.198753 0.0365s
[GPU 0] 3150/5063 I51_10_04.png MDFS=25.343550 0.0379s
[GPU 0] 3200/5063 I52_05_04.png MDFS=19.556067 0.0387s
[GPU 0] 3250/5063 I52_25_04.png MDFS=19.201094 0.0381s
[GPU 0] 3300/5063 I53_20_04.png MDFS=17.675114 0.0380s
[GPU 0] 3350/5063 I54_15_04.png MDFS=24.410793 0.0385s
[GPU 0] 3400/5063 I55_10_04.png MDFS=28.821117 0.0370s
[GPU 0] 3450/5063 I56_05_04.png MDFS=20.741047 0.0385s
[GPU 0] 3500/5063 I56_25_04.png MDFS=19.527626 0.0391s
[GPU 0] 3550/5063 I57_20_04.png MDFS=17.649021 0.0388s
[GPU 0] 3600/5063 I58_15_04.png MDFS=23.882090 0.0367s
[GPU 0] 3650/5063 I59_10_04.png MDFS=27.203222 0.0374s
[GPU 0] 3700/5063 I60_05_04.png MDFS=19.248972 0.0383s
[GPU 0] 3750/5063 I60_25_04.png MDFS=18.364172 0.0383s
[GPU 0] 3800/5063 I61_20_04.png MDFS=17.001196 0.0389s
[GPU 0] 3850/5063 I62_15_04.png MDFS=26.112062 0.0365s
[GPU 0] 3900/5063 I63_10_04.png MDFS=27.864639 0.0377s
[GPU 0] 3950/5063 I64_05_04.png MDFS=19.742655 0.0382s
[GPU 0] 4000/5063 I64_25_04.png MDFS=18.282394 0.0386s
[GPU 0] 4050/5063 I65_20_04.png MDFS=17.265083 0.0370s
[GPU 0] 4100/5063 I66_15_04.png MDFS=23.893003 0.0358s
[GPU 0] 4150/5063 I67_10_04.png MDFS=28.168953 0.0374s
[GPU 0] 4200/5063 I68_05_04.png MDFS=17.980207 0.0370s
[GPU 0] 4250/5063 I68_25_04.png MDFS=16.955338 0.0374s
[GPU 0] 4300/5063 I69_20_04.png MDFS=17.433575 0.0380s
[GPU 0] 4350/5063 I70_15_04.png MDFS=23.942402 0.0372s
[GPU 0] 4400/5063 I71_10_04.png MDFS=25.676434 0.0353s
[GPU 0] 4450/5063 I72_05_04.png MDFS=18.970627 0.0379s
[GPU 0] 4500/5063 I72_25_04.png MDFS=17.982803 0.0379s
[GPU 0] 4550/5063 I73_20_04.png MDFS=17.988354 0.0376s
[GPU 0] 4600/5063 I74_15_04.png MDFS=23.597845 0.0376s
[GPU 0] 4650/5063 I75_10_04.png MDFS=28.291658 0.0364s
[GPU 0] 4700/5063 I76_05_04.png MDFS=20.191080 0.0370s
[GPU 0] 4750/5063 I76_25_04.png MDFS=17.354912 0.0385s
[GPU 0] 4800/5063 I77_20_04.png MDFS=18.086065 0.0385s
[GPU 0] 4850/5063 I78_15_04.png MDFS=24.392031 0.0371s
[GPU 0] 4900/5063 I79_10_04.png MDFS=30.293613 0.0364s
[GPU 0] 4950/5063 I80_05_04.png MDFS=18.350328 0.0375s
[GPU 0] 5000/5063 I80_25_04.png MDFS=18.319191 0.0372s
[GPU 0] 5050/5063 I81_20_04.png MDFS=17.586529 0.0382s
[GPU 0] 5063/5063 I81_25_05.png MDFS=18.120991 0.0375s

============================================================
GPU 0 WORKER COMPLETE
============================================================
Rows: 5063
Unique filenames: 5063
Mean inference time: 0.03796412037685216
Worker wall time: 193.56372988600015
All finite: True
