/usr/local/lib/python3.12/dist-packages/torchvision/models/_utils.py:208: UserWarning: The parameter 'pretrained' is deprecated since 0.13 and may be removed in the future, please use 'weights' instead.
  warnings.warn(
/usr/local/lib/python3.12/dist-packages/torchvision/models/_utils.py:223: UserWarning: Arguments other than a weight enum or `None` for 'weights' are deprecated since 0.13 and may be removed in the future. The current behavior is equivalent to passing `weights=EfficientNet_B7_Weights.IMAGENET1K_V1`. You can also use `weights=EfficientNet_B7_Weights.DEFAULT` to get the most up-to-date weights.
  warnings.warn(msg)
============================================================
PHYSICAL GPU ASSIGNED: 1
CUDA_VISIBLE_DEVICES: 1
Visible CUDA devices: 1
Visible GPU: Tesla T4
============================================================
Worker GPU 1: 225 assigned
Worker GPU 1: 0 already completed
MDFS device: cuda
GPU: Tesla T4
Loading EfficientNet-B7...
Loading reference features...
Reference tensor: (295095, 544)
Computing reference mean...
Computing reference covariance...
MDFS scorer ready.
[GPU 1] 50/225 lunch_blur3_jpeg1.bmp MDFS=29.503010 0.1473s
[GPU 1] 100/225 sunrise_blur2.bmp MDFS=31.732412 0.1679s
[GPU 1] 150/225 iceroad_noise3.bmp MDFS=28.338354 0.1495s
[GPU 1] 200/225 scrimmage_blur3_noise1.bmp MDFS=29.622959 0.1496s
[GPU 1] 225/225 wheel_noise3.bmp MDFS=28.210684 0.1560s

============================================================
GPU 1 WORKER COMPLETE
============================================================
Rows: 225
Unique filenames: 225
Mean inference time: 0.15092185995990198
Worker wall time: 34.042524316999334
All finite: True
