/usr/local/lib/python3.12/dist-packages/torchvision/models/_utils.py:208: UserWarning: The parameter 'pretrained' is deprecated since 0.13 and may be removed in the future, please use 'weights' instead.
  warnings.warn(
/usr/local/lib/python3.12/dist-packages/torchvision/models/_utils.py:223: UserWarning: Arguments other than a weight enum or `None` for 'weights' are deprecated since 0.13 and may be removed in the future. The current behavior is equivalent to passing `weights=EfficientNet_B7_Weights.IMAGENET1K_V1`. You can also use `weights=EfficientNet_B7_Weights.DEFAULT` to get the most up-to-date weights.
  warnings.warn(msg)
============================================================
PHYSICAL GPU ASSIGNED: 0
CUDA_VISIBLE_DEVICES: 0
Visible CUDA devices: 1
Visible GPU: Tesla T4
============================================================
Worker GPU 0: 225 assigned
Worker GPU 0: 0 already completed
MDFS device: cuda
GPU: Tesla T4
Loading EfficientNet-B7...
Loading reference features...
Reference tensor: (295095, 544)
Computing reference mean...
Computing reference covariance...
MDFS scorer ready.
[GPU 0] 50/225 lunch_blur3.bmp MDFS=34.625935 0.1573s
[GPU 0] 100/225 sunrise_blur1_jpeg3.bmp MDFS=28.794704 0.1598s
[GPU 0] 150/225 iceroad_noise2.bmp MDFS=25.976746 0.1653s
[GPU 0] 200/225 scrimmage_blur3.bmp MDFS=35.907593 0.1717s
[GPU 0] 225/225 wheel_noise2.bmp MDFS=26.201099 0.1620s

============================================================
GPU 0 WORKER COMPLETE
============================================================
Rows: 225
Unique filenames: 225
Mean inference time: 0.1667040528710317
Worker wall time: 37.594342866999796
All finite: True
